------------------------------------------------------------
TimeQuest Timing Analyzer Summary
------------------------------------------------------------

Type  : Slow 1200mV 85C Model Setup 'CLK'
Slack : -4.897
TNS   : -407.015

Type  : Slow 1200mV 85C Model Setup 'PS2:inst5|Debouncer:inst40|inst1'
Slack : -0.720
TNS   : -1.662

Type  : Slow 1200mV 85C Model Hold 'CLK'
Slack : 0.343
TNS   : 0.000

Type  : Slow 1200mV 85C Model Hold 'PS2:inst5|Debouncer:inst40|inst1'
Slack : 0.381
TNS   : 0.000

Type  : Slow 1200mV 85C Model Minimum Pulse Width 'CLK'
Slack : -3.000
TNS   : -127.000

Type  : Slow 1200mV 85C Model Minimum Pulse Width 'PS2:inst5|Debouncer:inst40|inst1'
Slack : -1.000
TNS   : -19.000

Type  : Slow 1200mV 0C Model Setup 'CLK'
Slack : -4.293
TNS   : -352.155

Type  : Slow 1200mV 0C Model Setup 'PS2:inst5|Debouncer:inst40|inst1'
Slack : -0.557
TNS   : -0.974

Type  : Slow 1200mV 0C Model Hold 'CLK'
Slack : 0.299
TNS   : 0.000

Type  : Slow 1200mV 0C Model Hold 'PS2:inst5|Debouncer:inst40|inst1'
Slack : 0.344
TNS   : 0.000

Type  : Slow 1200mV 0C Model Minimum Pulse Width 'CLK'
Slack : -3.000
TNS   : -127.000

Type  : Slow 1200mV 0C Model Minimum Pulse Width 'PS2:inst5|Debouncer:inst40|inst1'
Slack : -1.000
TNS   : -19.000

Type  : Fast 1200mV 0C Model Setup 'CLK'
Slack : -2.313
TNS   : -180.026

Type  : Fast 1200mV 0C Model Setup 'PS2:inst5|Debouncer:inst40|inst1'
Slack : 0.050
TNS   : 0.000

Type  : Fast 1200mV 0C Model Hold 'CLK'
Slack : 0.179
TNS   : 0.000

Type  : Fast 1200mV 0C Model Hold 'PS2:inst5|Debouncer:inst40|inst1'
Slack : 0.199
TNS   : 0.000

Type  : Fast 1200mV 0C Model Minimum Pulse Width 'CLK'
Slack : -3.000
TNS   : -136.012

Type  : Fast 1200mV 0C Model Minimum Pulse Width 'PS2:inst5|Debouncer:inst40|inst1'
Slack : -1.000
TNS   : -19.000

------------------------------------------------------------
